python : C:\Users\Vanderley Oliveira\Desktop\teste
s\MAIA\execution\ai_client.py:2: FutureWarning: 
No linha:1 caractere:1
+ python execution/process_message.py "Oi Maia, 
você conhece algum buff ...
+ ~~~~~~~~~~~~~~~~~~~~~~~~~~~~~~~~~~~~~~~~~~~~~~~~
~~~~~~~~~~~~~~~~~~~~~
    + CategoryInfo          : NotSpecified: (C:\U 
   sers\Vander...FutureWarning: :String) [], Rem  
  oteException
    + FullyQualifiedErrorId : NativeCommandError
 

All support for the `google.generativeai` package 
has ended. It will no longer be receiving 
updates or bug fixes. Please switch to the 
`google.genai` package as soon as possible.
See README for more details:

https://github.com/google-gemini/deprecated-genera
tive-ai-python/blob/main/README.md

  import google.generativeai as genai

========================================
      MAIA: AMBIENTE DE TESTE LOCAL
========================================

[Argumento] Processando: Oi Maia, vocÛ conhece algum buffet de festas infantis bom aqui na regiÒo?
[AI_CLIENT ERROR] Falha no Gemini: 404 models/gemini-2.5-flash-native-a is not found for API version v1beta, or is not supported for generateContent. Call ListModels to see the list of available models and their supported methods.
Erro na etapa de ClassificaþÒo: 404 models/gemini-2.5-flash-native-a is not found for API version v1beta, or is not supported for generateContent. Call ListModels to see the list of available models and their supported methods.

Mensagem de entrada nÒo era um pedido de indicaþÒo. Nada foi feito!

Teste finalizado.

